oriental/app/(dashboard)/learning-path/page.tsx(119,25): error TS2322: Type 'import("C:/Users/aakas/Downloads/oriental/oriental/types/index").LearningPath' is not assignable to type 'import("C:/Users/aakas/Downloads/oriental/types/index").LearningPath'.
  Types of property 'phases' are incompatible.
    Type 'import("C:/Users/aakas/Downloads/oriental/oriental/types/index").LearningPhase[]' is not assignable to type 'import("C:/Users/aakas/Downloads/oriental/types/index").LearningPhase[]'.
      Type 'import("C:/Users/aakas/Downloads/oriental/oriental/types/index").LearningPhase' is not assignable to type 'import("C:/Users/aakas/Downloads/oriental/types/index").LearningPhase'.
        Types of property 'milestones' are incompatible.
          Type 'import("C:/Users/aakas/Downloads/oriental/oriental/types/index").PathMilestone[]' is not assignable to type 'import("C:/Users/aakas/Downloads/oriental/types/index").PathMilestone[]'.
            Type 'import("C:/Users/aakas/Downloads/oriental/oriental/types/index").PathMilestone' is not assignable to type 'import("C:/Users/aakas/Downloads/oriental/types/index").PathMilestone'.
              Types of property 'resources' are incompatible.
                Type 'string[]' is not assignable to type '{ title: string; link: string; }[]'.
                  Type 'string' is not assignable to type '{ title: string; link: string; }'.
